// Jest Snapshot v1, https://goo.gl/fbAQLP

exports[`Prueba <GifExpertApp/> Evaluar el snapshot 1`] = `
<div>
  <h1>
    GifExpertApp
  </h1>
  <form
    aria-label="form"
  >
    <input
      name="input"
      placeholder="Buscar gifs"
      type="text"
      value=""
    />
  </form>
  <ol />
</div>
`;
