// Jest Snapshot v1, https://goo.gl/fbAQLP

exports[`Pruebas para <GifGridItem/> Evaluar el snapshot 1`] = `
<div>
  <div
    class="card"
  >
    <img
      alt="Bob 1"
      src="https://localhost:3000/"
    />
    <p>
      Bob 1
    </p>
  </div>
</div>
`;
